<html>
<body>
<pre>
<h1>µVision Build Log</h1>
<h2>Tool Versions:</h2>
IDE-Version: ¦ÌVision V5.31.0.0
Copyright (C) 2020 ARM Ltd and ARM Germany GmbH. All rights reserved.
License Information: Chs Y, NJUPT, LIC=UB4EI-TSA8C-SGI7K-ZQCYE-YVSYJ-ZK16H
 
Tool Versions:
Toolchain:       MDK-ARM Professional  Version: 5.31.0.0
Toolchain Path:  C:\Keil_v5\ARM\ARMCLANG\Bin
C Compiler:      ArmClang.exe V6.14
Assembler:       Armasm.exe V6.14
Linker/Locator:  ArmLink.exe V6.14
Library Manager: ArmAr.exe V6.14
Hex Converter:   FromElf.exe V6.14
CPU DLL:         SARMCM3.DLL V5.31.0.0
Dialog DLL:      DCM.DLL V1.17.3.0
Target DLL:      STLink\ST-LINKIII-KEIL_SWO.dll V3.0.7.0
Dialog DLL:      TCM.DLL V1.46.0.0
 
<h2>Project:</h2>
C:\Users\Xiaoyi\Documents\Tencent Files\895419744\FileRecv\ACFLY EDU Ti V2.0\FCU_Code\ACFlyEDU_Mavlink_Guide\ACFly EDU.uvprojx
Project File Date:  07/19/2021

<h2>Output:</h2>
*** Using Compiler 'V6.14', folder: 'C:\Keil_v5\ARM\ARMCLANG\Bin'
Rebuild target 'Target 1'
assembling startup_TM4C123.s...
compiling USB_def.c...
compiling drv_uDMA.c...
Drivers/drv_main.c(34): warning: implicit declaration of function 'init_drv_TFmini' is invalid in C99 [-Wimplicit-function-declaration]
        init_drv_TFmini();
        ^
1 warning generated.
compiling drv_main.c...
compiling system_TM4C123.c...
compiling drv_LED.c...
compiling drv_USB.c...
compiling drv_OLED.c...
compiling drv_Sensors.c...
compiling oledfont.c...
compiling drv_PWMOut.c...
compiling main.c...
compiling drv_Receiver.c...
compiling drv_EEPROM.c...
compiling drv_TFmini.c...
Drivers/drv_OpticalFlow.c(335): warning: implicit conversion from 'long long' to 'float' changes value from 45000000000 to 44999999488 [-Wimplicit-int-float-conversion]
                                        float rotation_compensation_x = -constrain_float( get_AngularRateCtrl().y * 10000 , 45000000000 );
                                                                         ~~~~~~~~~~~~~~~                                    ^~~~~~~~~~~
Drivers/drv_OpticalFlow.c(336): warning: implicit conversion from 'long long' to 'float' changes value from 45000000000 to 44999999488 [-Wimplicit-int-float-conversion]
                                        float rotation_compensation_y = constrain_float(  get_AngularRateCtrl().x * 10000 , 45000000000 );
                                                                        ~~~~~~~~~~~~~~~                                     ^~~~~~~~~~~
2 warnings generated.
compiling drv_OpticalFlow.c...
compiling Sensors.c...
compiling drv_GPS.c...
compiling drv_SDI.c...
compiling drv_Uart2.c...
compiling Receiver.c...
compiling drv_SDI2.c...
compiling Basic.c...
compiling vector_3.c...
compiling drv_ADC.c...
compiling Quaternion.c...
compiling STS.c...
InteractiveInterface/LogSystem.c(22): warning: passing 'char [128]' to parameter of type 'const uint8_t *' (aka 'const unsigned char *') converts between pointers to integer types with different sign [-Wpointer-sign]
    Uart2_Send( logsystem_buf , strlen(logsystem_buf) );
                ^~~~~~~~~~~~~
./Drivers\drv_Uart2.h(7): note: passing argument to parameter 'data' here
void Uart2_Send( const uint8_t* data , uint16_t length );
                                ^
InteractiveInterface/LogSystem.c(55): warning: passing 'char [128]' to parameter of type 'const uint8_t *' (aka 'const unsigned char *') converts between pointers to integer types with different sign [-Wpointer-sign]
            Uart2_Send( logsystem_buf , strlen(logsystem_buf) );
                        ^~~~~~~~~~~~~
./Drivers\drv_Uart2.h(7): note: passing argument to parameter 'data' here
void Uart2_Send( const uint8_t* data , uint16_t length );
                                ^
InteractiveInterface/LogSystem.c(61): warning: passing 'char [128]' to parameter of type 'const uint8_t *' (aka 'const unsigned char *') converts between pointers to integer types with different sign [-Wpointer-sign]
    Uart2_Send( logsystem_buf , strlen(logsystem_buf) );
                ^~~~~~~~~~~~~
./Drivers\drv_Uart2.h(7): note: passing argument to parameter 'data' here
void Uart2_Send( const uint8_t* data , uint16_t length );
                                ^
InteractiveInterface/LogSystem.c(71): warning: passing 'char [128]' to parameter of type 'const uint8_t *' (aka 'const unsigned char *') converts between pointers to integer types with different sign [-Wpointer-sign]
    Uart2_Send( logsystem_buf , n );
                ^~~~~~~~~~~~~
./Drivers\drv_Uart2.h(7): note: passing argument to parameter 'data' here
void Uart2_Send( const uint8_t* data , uint16_t length );
                                ^
InteractiveInterface/LogSystem.c(82): warning: passing 'char [128]' to parameter of type 'const uint8_t *' (aka 'const unsigned char *') converts between pointers to integer types with different sign [-Wpointer-sign]
    Uart2_Send( logsystem_buf , strlen(logsystem_buf) );
                ^~~~~~~~~~~~~
./Drivers\drv_Uart2.h(7): note: passing argument to parameter 'data' here
void Uart2_Send( const uint8_t* data , uint16_t length );
                                ^
5 warnings generated.
compiling LogSystem.c...
compiling Filters_Butter.c...
compiling OLED_Screens.c...
compiling Mavlink.c...
compiling Configurations.c...
compiling MS_main.c...
compiling M00_init.c...
compiling M01_Ground.c...
compiling Modes.c...
compiling Debug.c...
Communication/MavlinkSendFuncs.c(230): warning: implicit declaration of function 'OLED_Draw_Str8x6' is invalid in C99 [-Wimplicit-function-declaration]
        OLED_Draw_Str8x6(str,0,64);
        ^
Communication/MavlinkSendFuncs.c(281): warning: implicit declaration of function 'OLED_Update' is invalid in C99 [-Wimplicit-function-declaration]
        OLED_Update();
        ^
2 warnings generated.
compiling MavlinkSendFuncs.c...
compiling MavlinkCMDProcess.c...
compiling CommuLink.c...
Communication/MavlinkRCProcess.c(424): warning: implicit declaration of function 'OLED_Draw_Str8x6' is invalid in C99 [-Wimplicit-function-declaration]
        OLED_Draw_Str8x6(str,3,0);
        ^
Communication/MavlinkRCProcess.c(466): warning: implicit declaration of function 'OLED_Update' is invalid in C99 [-Wimplicit-function-declaration]
        OLED_Update();
        ^
2 warnings generated.
compiling MavlinkRCProcess.c...
compiling M30_Att.c...
compiling M32_PosCtrl.c...
compiling M15_HorizontalCalib.c...
compiling Ctrl_main.c...
compiling M10_RCCalib.c...
compiling M12_AccCalib.c...
compiling M13_MagCalib.c...
compiling M35_Auto1.c...
compiling M36_MAVLINK.c...
compiling BayesFunctions.c...
compiling ControllerFunctions.c...
compiling ComplexMathFunctions.c...
compiling BasicMathFunctions.c...
compiling NavCmdProcess.c...
compiling FastMathFunctions.c...
compiling SVMFunctions.c...
compiling ctrl_Position.c...
ControlSystem/ctrl_Attitude.c(360): warning: enumeration values 'Attitude_ControlMode_AngularRate' and 'Attitude_ControlMode_Locking' not handled in switch [-Wswitch]
        switch( RollPitch_ControlMode )
                ^
1 warning generated.
compiling ctrl_Attitude.c...
compiling DistanceFunctions.c...
compiling StatisticsFunctions.c...
compiling CommonTables.c...
compiling SupportFunctions.c...
compiling MatrixFunctions.c...
compiling TransformFunctions.c...
compiling FilteringFunctions.c...
linking...
Program Size: Code=171732 RO-data=18528 RW-data=1644 ZI-data=30356  
FromELF: creating hex file...
".\Objects\ACFly EDU.axf" - 0 Error(s), 13 Warning(s).

<h2>Software Packages used:</h2>

Package Vendor: ARM
                http://www.keil.com/pack/ARM.CMSIS.5.7.0.pack
                ARM.CMSIS.5.7.0
                CMSIS (Cortex Microcontroller Software Interface Standard)
   * Component: CORE Version: 5.4.0
   * Component: DSP Variant: Source Version: 1.8.0

Package Vendor: Keil
                http://www.keil.com/pack/Keil.TM4C_DFP.1.1.0.pack
                Keil.TM4C_DFP.1.1.0
                Texas Instruments Tiva C Series Device Support and Examples

<h2>Collection of Component include folders:</h2>
  .\RTE\_Target_1
  C:\Users\Xiaoyi\AppData\Local\Arm\Packs\ARM\CMSIS\5.7.0\CMSIS\Core\Include
  C:\Users\Xiaoyi\AppData\Local\Arm\Packs\ARM\CMSIS\5.7.0\CMSIS\DSP\Include
  C:\Users\Xiaoyi\AppData\Local\Arm\Packs\ARM\CMSIS\5.7.0\CMSIS\DSP\PrivateInclude
  C:\Users\Xiaoyi\AppData\Local\Arm\Packs\Keil\TM4C_DFP\1.1.0\Device\Include\TM4C123

<h2>Collection of Component Files used:</h2>

   * Component: ARM::CMSIS:CORE:5.4.0

   * Component: ARM::CMSIS:DSP:Source:1.8.0
      Source file:   CMSIS\DSP\Source\BayesFunctions\BayesFunctions.c
      Source file:   CMSIS\DSP\Source\StatisticsFunctions\StatisticsFunctions.c
      Source file:   CMSIS\DSP\Source\SupportFunctions\SupportFunctions.c
      Source file:   CMSIS\DSP\Source\ControllerFunctions\ControllerFunctions.c
      Source file:   CMSIS\DSP\Source\TransformFunctions\TransformFunctions.c
      Source file:   CMSIS\DSP\Source\BasicMathFunctions\BasicMathFunctions.c
      Include file:  CMSIS\DSP\Include\arm_math.h
      Source file:   CMSIS\DSP\Source\FastMathFunctions\FastMathFunctions.c
      Source file:   CMSIS\DSP\Source\DistanceFunctions\DistanceFunctions.c
      Source file:   CMSIS\DSP\Source\MatrixFunctions\MatrixFunctions.c
      Source file:   CMSIS\DSP\Source\SVMFunctions\SVMFunctions.c
      Source file:   CMSIS\DSP\Source\ComplexMathFunctions\ComplexMathFunctions.c
      Source file:   CMSIS\DSP\Source\FilteringFunctions\FilteringFunctions.c
      Source file:   CMSIS\DSP\Source\CommonTables\CommonTables.c
Build Time Elapsed:  00:00:25
</pre>
</body>
</html>
